{"content":"<p>Dengan hormat,</p>\n<p>Berkenaan dengan permohonan mengenai <strong>Pengajuan cuti</strong>, berikut adalah detail informasi yang disampaikan:</p>\n<div style=\"margin: 15px 0; padding: 10px; border-left: 3px solid #eee;\">Sehubungan dengan adanya halal bihalal di RT maka dengan ini saya Yohana mengajukan cuti pada tanggal 24 April</div>\n<p>Demikian kami sampaikan, mohon tindak lanjutnya.</p>\n<p>Sehubungan dengan pelaksanaan kegiatan...</p>","subject":"Pengajuan cuti","recipient":"Pengajuan cuti","kopHeader1":"KB-BA-TPA Restu 2","kopHeader2":"","kopAddress":"Jl. Pandeglang No.7, Penanggungan, Kec. Klojen, Kota Malang, Jawa Timur 65113 | Telp: (0341) 587678","signatureName":"Maslichah Hartatik, S.S","signatureTitle":"Kepala PAUD Terpadu Restu 2"}